Microchip MPLAB XC8 Compiler V2.10 ()

Linker command line:

-W-3 --edf=C:\Program Files (x86)\Microchip\xc8\v2.10\pic\dat\en_msgs.txt \
  -cs -h+dist/default/production\1.X.production.sym \
  --cmf=dist/default/production\1.X.production.cmf -z -Q18F4550 \
  -oC:\Users\user\AppData\Local\Temp\s1v4.2 --defsym=__MPLAB_BUILD=1 \
  -Mdist/default/production/1.X.production.map -E1 -ver=XC8 --acfsm=1493 \
  -ASTACK=060h-07FFh -pstack=STACK -ACODE=00h-07FFFh -ACONST=00h-07FFFh \
  -ASMALLCONST=0800h-08FFhx120 -AMEDIUMCONST=0800h-07FFFh -ACOMRAM=01h-05Fh \
  -AABS1=00h-07FFh -ABIGRAM=01h-07FFh -ARAM=060h-0FFh,0100h-01FFhx7 \
  -ABANK0=060h-0FFh -ABANK1=0100h-01FFh -ABANK2=0200h-02FFh \
  -ABANK3=0300h-03FFh -ABANK4=0400h-04FFh -ABANK5=0500h-05FFh \
  -ABANK6=0600h-06FFh -ABANK7=0700h-07FFh -ASFR=0F60h-0FFFh \
  -preset_vec=00h,intcode,intcodelo,powerup,init -pramtop=0800h \
  -psmallconst=SMALLCONST -pmediumconst=MEDIUMCONST -pconst=CONST \
  -AFARRAM=00h-00h -ACONFIG=0300000h-030000Dh -pconfig=CONFIG \
  -AIDLOC=0200000h-0200007h -pidloc=IDLOC -AEEDATA=0F00000h-0F000FFh \
  -peeprom_data=EEDATA \
  -prdata=COMRAM,nvrram=COMRAM,nvbit=COMRAM,rbss=COMRAM,rbit=COMRAM \
  -pfarbss=FARRAM,fardata=FARRAM,nvFARRAM=FARRAM \
  -pintsave_regs=BIGRAM,bigbss=BIGRAM,bigdata=BIGRAM -pbss=RAM \
  -pidata=CODE,irdata=CODE,ibigdata=CODE,ifardata=CODE -prparam=COMRAM \
  C:\Users\user\AppData\Local\Temp\s1v4.o \
  dist/default/production\1.X.production.o 

Object code version is 3.11

Machine type is 18F4550

Call graph: (short form)




                Name                               Link     Load   Length Selector   Space Scale
C:\Users\user\AppData\Local\Temp\s1v4.o
                init                                  0        0        4        0       0
                idloc                            200000   200000        8   200000       0
                config                           300000   300000        E   300000       0
dist/default/production\1.X.production.o
                text18                             7470     7470       C4     3A38       0
                text17                             71E6     71E6       26     38F3       0
                text16                             7298     7298       42     394C       0
                text15                             7C66     7C66      39A     3E33       0
                text14                             7534     7534      104     3A9A       0
                text13                             7638     7638      106     3B1C       0
                text12                             78DE     78DE      1B4     3C6F       0
                text11                             720C     720C       26     3906       0
                text10                             7232     7232       32     3919       0
                text9                              71B0     71B0        8     38D8       0
                text8                              71C8     71C8        C     38E4       0
                text7                              71B8     71B8        8     38DC       0
                text6                              71C0     71C0        8     38E0       0
                text5                              73CE     73CE       A2     39E7       0
                text4                              7264     7264       34     3932       0
                text3                              7A92     7A92      1D4     3D49       0
                text2                              7348     7348       86     39A4       0
                text1                              72DA     72DA       6E     396D       0
                text0                              773E     773E      1A0     3B9F       0
                cstackCOMRAM                          1        1       42        1       1
                bssCOMRAM                            43       43        B        1       1
                cinit                              71D4     71D4       12     38EA       0

TOTAL           Name                               Link     Load   Length     Space
        CLASS   STACK          

        CLASS   CODE           
                init                                  0        0        4         0
                text18                             7470     7470       C4         0
                text17                             71E6     71E6       26         0
                text16                             7298     7298       42         0
                text15                             7C66     7C66      39A         0
                text14                             7534     7534      104         0
                text13                             7638     7638      106         0
                text12                             78DE     78DE      1B4         0
                text11                             720C     720C       26         0
                text10                             7232     7232       32         0
                text9                              71B0     71B0        8         0
                text8                              71C8     71C8        C         0
                text7                              71B8     71B8        8         0
                text6                              71C0     71C0        8         0
                text5                              73CE     73CE       A2         0
                text4                              7264     7264       34         0
                text3                              7A92     7A92      1D4         0
                text2                              7348     7348       86         0
                text1                              72DA     72DA       6E         0
                text0                              773E     773E      1A0         0
                cinit                              71D4     71D4       12         0

        CLASS   CONST          

        CLASS   SMALLCONST     

        CLASS   MEDIUMCONST    

        CLASS   COMRAM         
                cstackCOMRAM                          1        1       42         1
                bssCOMRAM                            43       43        B         1

        CLASS   ABS1           

        CLASS   BIGRAM         

        CLASS   RAM            

        CLASS   BANK0          

        CLASS   BANK1          

        CLASS   BANK2          

        CLASS   BANK3          

        CLASS   BANK4          

        CLASS   BANK5          

        CLASS   BANK6          

        CLASS   BANK7          

        CLASS   SFR            

        CLASS   FARRAM         

        CLASS   CONFIG         
                config                           300000   300000        E         0

        CLASS   IDLOC          
                idloc                            200000   200000        8         0

        CLASS   EEDATA         



SEGMENTS        Name                           Load    Length   Top    Selector   Space  Class

                reset_vec                      000000  000004  000004         0       0  CODE    
                cstackCOMRAM                   000001  00004D  00004E         1       1  COMRAM  
                text9                          0071B0  000008  0071B8      38D8       0  CODE    
                text7                          0071B8  000008  0071C0      38DC       0  CODE    
                text6                          0071C0  000008  0071C8      38E0       0  CODE    
                text8                          0071C8  00000C  0071D4      38E4       0  CODE    
                cinit                          0071D4  000012  0071E6      38EA       0  CODE    
                text17                         0071E6  000026  00720C      38F3       0  CODE    
                text11                         00720C  000026  007232      3906       0  CODE    
                text10                         007232  000032  007264      3919       0  CODE    
                text4                          007264  000034  007298      3932       0  CODE    
                text16                         007298  000042  0072DA      394C       0  CODE    
                text1                          0072DA  00006E  007348      396D       0  CODE    
                text2                          007348  000086  0073CE      39A4       0  CODE    
                text5                          0073CE  0000A2  007470      39E7       0  CODE    
                text18                         007470  0000C4  007534      3A38       0  CODE    
                text14                         007534  000104  007638      3A9A       0  CODE    
                text13                         007638  000106  00773E      3B1C       0  CODE    
                text0                          00773E  0001A0  0078DE      3B9F       0  CODE    
                text12                         0078DE  0001B4  007A92      3C6F       0  CODE    
                text3                          007A92  0001D4  007C66      3D49       0  CODE    
                text15                         007C66  00039A  008000      3E33       0  CODE    
                idloc                          200000  000008  200008    200000       0  IDLOC   
                config                         300000  00000E  30000E    300000       0  CONFIG  


UNUSED ADDRESS RANGES

        Name                Unused          Largest block    Delta
        BANK0            000060-0000FF               A0
        BANK1            000100-0001FF              100
        BANK2            000200-0002FF              100
        BANK3            000300-0003FF              100
        BANK4            000400-0004FF              100
        BANK5            000500-0005FF              100
        BANK6            000600-0006FF              100
        BANK7            000700-0007FF              100
        BIGRAM           00004E-0007FF              7B2
        CODE             000004-0071AF             71AC
        COMRAM           00004E-00005F               12
        CONST            000004-0071AF             71AC
        EEDATA           F00000-F000FF              100
        MEDIUMCONST      000800-0071AF             69B0
        RAM              000060-0007FF              100
        SFR              000F60-000FFF               A0
        SMALLCONST       000800-0071AF              100
        STACK            000060-0007FF              7A0

                                  Symbol Table

?___awdiv                cstackCOMRAM 000001
?___fldiv                cstackCOMRAM 00000F
?___fltol                cstackCOMRAM 000028
?___wmul                 cstackCOMRAM 000009
?___xxtofl               cstackCOMRAM 000001
?_map                    cstackCOMRAM 00000F
_ACKDT                   (abs)        007E2D
_ACKEN                   (abs)        007E2C
_ADCON1                  (abs)        000FC1
_DriverPin               bssCOMRAM    000043
_LATD                    (abs)        000F8C
_LATE                    (abs)        000F8D
_PEN                     (abs)        007E2A
_RCEN                    (abs)        007E2B
_RSEN                    (abs)        007E29
_SEN                     (abs)        007E28
_SSPADD                  (abs)        000FC8
_SSPBUF                  (abs)        000FC9
_SSPCON1                 (abs)        000FC6
_SSPCON2                 (abs)        000FC5
_SSPSTAT                 (abs)        000FC7
_TRISBbits               (abs)        000F93
_TRISD                   (abs)        000F95
_TRISE                   (abs)        000F96
__CFG_FOSC$HS            (abs)        000000
__CFG_LVP$OFF            (abs)        000000
__CFG_WDT$OFF            (abs)        000000
__HRAM                   (abs)        000000
__Habs1                  abs1         000000
__Hbank0                 bank0        000000
__Hbank1                 bank1        000000
__Hbank2                 bank2        000000
__Hbank3                 bank3        000000
__Hbank4                 bank4        000000
__Hbank5                 bank5        000000
__Hbank6                 bank6        000000
__Hbank7                 bank7        000000
__Hbigbss                bigbss       000000
__Hbigdata               bigdata      000000
__Hbigram                bigram       000000
__Hbss                   bss          000000
__HbssCOMRAM             bssCOMRAM    000000
__Hcinit                 cinit        000000
__Hclrtext               clrtext      000000
__Hcomram                comram       000000
__Hconfig                config       30000E
__Hconst                 const        000000
__HcstackCOMRAM          cstackCOMRAM 000000
__Hdata                  data         000000
__Heeprom_data           eeprom_data  000000
__Hfarbss                farbss       000000
__Hfardata               fardata      000000
__Hibigdata              ibigdata     000000
__Hidata                 idata        000000
__Hidloc                 idloc        200008
__Hifardata              ifardata     000000
__Hinit                  init         000004
__Hintcode               intcode      000000
__Hintcode_body          intcode_body 000000
__Hintcodelo             intcodelo    000000
__Hintentry              intentry     000000
__Hintret                intret       000000
__Hintsave_regs          intsave_regs 000000
__Hirdata                irdata       000000
__Hmediumconst           mediumconst  000000
__HnvFARRAM              nvFARRAM     000000
__Hnvbit                 nvbit        000000
__Hnvrram                nvrram       000000
__Hparam                 rparam       000000
__Hpowerup               powerup      000000
__Hram                   ram          000000
__Hramtop                ramtop       000800
__Hrbit                  rbit         000000
__Hrbss                  rbss         000000
__Hrdata                 rdata        000000
__Hreset_vec             reset_vec    000000
__Hrparam                rparam       000000
__Hsfr                   sfr          000000
__Hsmallconst            smallconst   000000
__Hspace_0               (abs)        30000E
__Hspace_1               (abs)        00004E
__Hspace_2               (abs)        000000
__Hstack                 stack        000000
__Hstruct                struct       000000
__Htemp                  temp         000000
__Htext                  text         000000
__Htext0                 text0        000000
__Htext1                 text1        000000
__Htext10                text10       000000
__Htext11                text11       000000
__Htext12                text12       000000
__Htext13                text13       000000
__Htext14                text14       000000
__Htext15                text15       000000
__Htext16                text16       000000
__Htext17                text17       000000
__Htext18                text18       000000
__Htext2                 text2        000000
__Htext3                 text3        000000
__Htext4                 text4        000000
__Htext5                 text5        000000
__Htext6                 text6        000000
__Htext7                 text7        000000
__Htext8                 text8        000000
__Htext9                 text9        000000
__LRAM                   (abs)        000001
__Labs1                  abs1         000000
__Lbank0                 bank0        000000
__Lbank1                 bank1        000000
__Lbank2                 bank2        000000
__Lbank3                 bank3        000000
__Lbank4                 bank4        000000
__Lbank5                 bank5        000000
__Lbank6                 bank6        000000
__Lbank7                 bank7        000000
__Lbigbss                bigbss       000000
__Lbigdata               bigdata      000000
__Lbigram                bigram       000000
__Lbss                   bss          000000
__LbssCOMRAM             bssCOMRAM    000000
__Lcinit                 cinit        000000
__Lclrtext               clrtext      000000
__Lcomram                comram       000000
__Lconfig                config       300000
__Lconst                 const        000000
__LcstackCOMRAM          cstackCOMRAM 000000
__Ldata                  data         000000
__Leeprom_data           eeprom_data  000000
__Lfarbss                farbss       000000
__Lfardata               fardata      000000
__Libigdata              ibigdata     000000
__Lidata                 idata        000000
__Lidloc                 idloc        200000
__Lifardata              ifardata     000000
__Linit                  init         000000
__Lintcode               intcode      000000
__Lintcode_body          intcode_body 000000
__Lintcodelo             intcodelo    000000
__Lintentry              intentry     000000
__Lintret                intret       000000
__Lintsave_regs          intsave_regs 000000
__Lirdata                irdata       000000
__Lmediumconst           mediumconst  000000
__LnvFARRAM              nvFARRAM     000000
__Lnvbit                 nvbit        000000
__Lnvrram                nvrram       000000
__Lparam                 rparam       000000
__Lpowerup               powerup      000000
__Lram                   ram          000000
__Lramtop                ramtop       000800
__Lrbit                  rbit         000000
__Lrbss                  rbss         000000
__Lrdata                 rdata        000000
__Lreset_vec             reset_vec    000000
__Lrparam                rparam       000000
__Lsfr                   sfr          000000
__Lsmallconst            smallconst   000000
__Lspace_0               (abs)        000000
__Lspace_1               (abs)        000000
__Lspace_2               (abs)        000000
__Lstack                 stack        000000
__Lstruct                struct       000000
__Ltemp                  temp         000000
__Ltext                  text         000000
__Ltext0                 text0        000000
__Ltext1                 text1        000000
__Ltext10                text10       000000
__Ltext11                text11       000000
__Ltext12                text12       000000
__Ltext13                text13       000000
__Ltext14                text14       000000
__Ltext15                text15       000000
__Ltext16                text16       000000
__Ltext17                text17       000000
__Ltext18                text18       000000
__Ltext2                 text2        000000
__Ltext3                 text3        000000
__Ltext4                 text4        000000
__Ltext5                 text5        000000
__Ltext6                 text6        000000
__Ltext7                 text7        000000
__Ltext8                 text8        000000
__Ltext9                 text9        000000
__S0                     (abs)        30000E
__S1                     (abs)        00004E
__S2                     (abs)        000000
___awdiv                 text18       007470
___awdiv@counter         cstackCOMRAM 000005
___awdiv@dividend        cstackCOMRAM 000001
___awdiv@divisor         cstackCOMRAM 000003
___awdiv@quotient        cstackCOMRAM 000007
___awdiv@sign            cstackCOMRAM 000006
___fldiv                 text15       007C66
___fldiv@a               cstackCOMRAM 000013
___fldiv@aexp            cstackCOMRAM 000027
___fldiv@b               cstackCOMRAM 00000F
___fldiv@bexp            cstackCOMRAM 000026
___fldiv@grs             cstackCOMRAM 000022
___fldiv@new_exp         cstackCOMRAM 000020
___fldiv@rem             cstackCOMRAM 00001B
___fldiv@sign            cstackCOMRAM 00001F
___flge                  text14       007534
___flge@ff1              cstackCOMRAM 000001
___flge@ff2              cstackCOMRAM 000005
___fltol                 text13       007638
___fltol@exp1            cstackCOMRAM 000031
___fltol@f1              cstackCOMRAM 000028
___fltol@sign1           cstackCOMRAM 000030
___inthi_sp              stack        000000
___intlo_sp              stack        000000
___param_bank            (abs)        000000
___rparam_used           (abs)        000001
___sp                    stack        000000
___wmul                  text17       0071E6
___wmul@multiplicand     cstackCOMRAM 00000B
___wmul@multiplier       cstackCOMRAM 000009
___wmul@product          cstackCOMRAM 00000D
___xxtofl                text12       0078DE
___xxtofl@arg            cstackCOMRAM 00000B
___xxtofl@exp            cstackCOMRAM 00000A
___xxtofl@sign           cstackCOMRAM 000009
___xxtofl@val            cstackCOMRAM 000001
__accesstop              (abs)        000060
__activetblptr           (abs)        000000
__end_of___awdiv         text18       007534
__end_of___fldiv         text15       008000
__end_of___flge          text14       007638
__end_of___fltol         text13       00773E
__end_of___wmul          text17       00720C
__end_of___xxtofl        text12       007A92
__end_of__initialization cinit        0071E0
__end_of_main            text0        0078DE
__end_of_map             text16       0072DA
__end_of_readI2C1        text5        007470
__end_of_readyI2C        text11       007232
__end_of_receiveI2C      text10       007264
__end_of_repeatedStart   text9        0071B8
__end_of_sendI2C         text8        0071D4
__end_of_setPWMFreq      text3        007C66
__end_of_settings        text2        0073CE
__end_of_startI2C        text7        0071C0
__end_of_stopI2C         text6        0071C8
__end_of_writeI2C        text1        007348
__end_of_writeI2C1       text4        007298
__initialization         cinit        0071D4
__mediumconst            mediumconst  000000
__pbssCOMRAM             bssCOMRAM    000043
__pcinit                 cinit        0071D4
__pcstackCOMRAM          cstackCOMRAM 000001
__ptext0                 text0        00773E
__ptext1                 text1        0072DA
__ptext10                text10       007232
__ptext11                text11       00720C
__ptext12                text12       0078DE
__ptext13                text13       007638
__ptext14                text14       007534
__ptext15                text15       007C66
__ptext16                text16       007298
__ptext17                text17       0071E6
__ptext18                text18       007470
__ptext2                 text2        007348
__ptext3                 text3        007A92
__ptext4                 text4        007264
__ptext5                 text5        0073CE
__ptext6                 text6        0071C0
__ptext7                 text7        0071B8
__ptext8                 text8        0071C8
__ptext9                 text9        0071B0
__ramtop                 ramtop       000800
__size_of___awdiv        (abs)        000000
__size_of___fldiv        (abs)        000000
__size_of___flge         (abs)        000000
__size_of___fltol        (abs)        000000
__size_of___wmul         (abs)        000000
__size_of___xxtofl       (abs)        000000
__size_of_main           (abs)        000000
__size_of_map            (abs)        000000
__size_of_readI2C1       (abs)        000000
__size_of_readyI2C       (abs)        000000
__size_of_receiveI2C     (abs)        000000
__size_of_repeatedStart  (abs)        000000
__size_of_sendI2C        (abs)        000000
__size_of_setPWMFreq     (abs)        000000
__size_of_settings       (abs)        000000
__size_of_startI2C       (abs)        000000
__size_of_stopI2C        (abs)        000000
__size_of_writeI2C       (abs)        000000
__size_of_writeI2C1      (abs)        000000
__smallconst             smallconst   000000
_data1                   bssCOMRAM    000049
_data2                   bssCOMRAM    00004A
_i                       bssCOMRAM    000047
_main                    text0        00773E
_map                     text16       007298
_pos                     bssCOMRAM    000045
_readI2C1                text5        0073CE
_readyI2C                text11       00720C
_receiveI2C              text10       007232
_repeatedStart           text9        0071B0
_sendI2C                 text8        0071C8
_setPWMFreq              text3        007A92
_settings                text2        007348
_startI2C                text7        0071B8
_stopI2C                 text6        0071C0
_writeI2C                text1        0072DA
_writeI2C1               text4        007264
end_of_initialization    cinit        0071E0
intlevel0                text         000000
intlevel1                text         000000
intlevel2                text         000000
intlevel3                text         000000
main@j                   cstackCOMRAM 000041
map@In_Max               cstackCOMRAM 000013
map@In_Min               cstackCOMRAM 000011
map@Out_Max              cstackCOMRAM 000017
map@Out_Min              cstackCOMRAM 000015
map@x                    cstackCOMRAM 00000F
readI2C1@Address         cstackCOMRAM 00000A
readI2C1@Data            cstackCOMRAM 000005
readI2C1@Register        cstackCOMRAM 000004
readI2C1@bytes           cstackCOMRAM 000006
receiveI2C@buffer        cstackCOMRAM 000003
receiveI2C@flag          cstackCOMRAM 000002
sendI2C@data             cstackCOMRAM 000002
setPWMFreq@freq          cstackCOMRAM 000032
setPWMFreq@prescale      cstackCOMRAM 000037
setPWMFreq@prescaleval   cstackCOMRAM 000039
stackhi                  (abs)        0007FF
stacklo                  (abs)        000060
start                    init         000000
start_initialization     cinit        0071D4
writeI2C1@Address        cstackCOMRAM 000007
writeI2C1@Data           cstackCOMRAM 000004
writeI2C1@Register       cstackCOMRAM 000003
writeI2C@Address         cstackCOMRAM 00000A
writeI2C@Data            cstackCOMRAM 000004
writeI2C@Register        cstackCOMRAM 000003
writeI2C@bytes           cstackCOMRAM 000006


FUNCTION INFORMATION:

 *************** function _main *****************
 Defined at:
		line 80 in file "main.c"
 Parameters:    Size  Location     Type
		None
 Auto vars:     Size  Location     Type
  j               2   64[COMRAM] int 
 Return value:  Size  Location     Type
                  1    wreg      void 
 Registers used:
		wreg, fsr2l, fsr2h, status,2, status,0, prodl, prodh, cstack
 Tracked objects:
		On entry : 
		On exit  : 
		Unchanged: 
 Data sizes:     COMRAM   BANK0   BANK1   BANK2   BANK3   BANK4   BANK5   BANK6   BANK7
      Params:         0       0       0       0       0       0       0       0       0
      Locals:         2       0       0       0       0       0       0       0       0
      Temps:          2       0       0       0       0       0       0       0       0
      Totals:         4       0       0       0       0       0       0       0       0
Total ram usage:        4 bytes
 Hardware stack levels required when called:    5
 This function calls:
		_map
		_settings
		_writeI2C
 This function is called by:
		Startup code after reset
 This function uses a non-reentrant model


 *************** function _writeI2C *****************
 Defined at:
		line 140 in file "main.c"
 Parameters:    Size  Location     Type
  Address         1    wreg     unsigned char 
  Register        1    2[COMRAM] unsigned char 
  Data            2    3[COMRAM] PTR unsigned char 
		 -> data2(4), 
  bytes           2    5[COMRAM] int 
 Auto vars:     Size  Location     Type
  Address         1    9[COMRAM] unsigned char 
 Return value:  Size  Location     Type
                  1    wreg      void 
 Registers used:
		wreg, fsr2l, fsr2h, status,2, status,0, cstack
 Tracked objects:
		On entry : 
		On exit  : 
		Unchanged: 
 Data sizes:     COMRAM   BANK0   BANK1   BANK2   BANK3   BANK4   BANK5   BANK6   BANK7
      Params:         5       0       0       0       0       0       0       0       0
      Locals:         1       0       0       0       0       0       0       0       0
      Temps:          2       0       0       0       0       0       0       0       0
      Totals:         8       0       0       0       0       0       0       0       0
Total ram usage:        8 bytes
 Hardware stack levels used:    1
 Hardware stack levels required when called:    2
 This function calls:
		_sendI2C
		_startI2C
		_stopI2C
 This function is called by:
		_main
 This function uses a non-reentrant model


 *************** function _settings *****************
 Defined at:
		line 112 in file "main.c"
 Parameters:    Size  Location     Type
		None
 Auto vars:     Size  Location     Type
		None
 Return value:  Size  Location     Type
                  1    wreg      void 
 Registers used:
		wreg, status,2, status,0, cstack
 Tracked objects:
		On entry : 
		On exit  : 
		Unchanged: 
 Data sizes:     COMRAM   BANK0   BANK1   BANK2   BANK3   BANK4   BANK5   BANK6   BANK7
      Params:         0       0       0       0       0       0       0       0       0
      Locals:         0       0       0       0       0       0       0       0       0
      Temps:          2       0       0       0       0       0       0       0       0
      Totals:         2       0       0       0       0       0       0       0       0
Total ram usage:        2 bytes
 Hardware stack levels used:    1
 Hardware stack levels required when called:    4
 This function calls:
		_setPWMFreq
		_writeI2C1
 This function is called by:
		_main
 This function uses a non-reentrant model


 *************** function _setPWMFreq *****************
 Defined at:
		line 231 in file "main.c"
 Parameters:    Size  Location     Type
  freq            4   49[COMRAM] float 
 Auto vars:     Size  Location     Type
  prescaleval     4   56[COMRAM] unsigned long 
  newmode         1    0        unsigned char 
  prescale        1   54[COMRAM] unsigned char 
 Return value:  Size  Location     Type
                  1    wreg      void 
 Registers used:
		wreg, status,2, status,0, cstack
 Tracked objects:
		On entry : 
		On exit  : 
		Unchanged: 
 Data sizes:     COMRAM   BANK0   BANK1   BANK2   BANK3   BANK4   BANK5   BANK6   BANK7
      Params:         4       0       0       0       0       0       0       0       0
      Locals:         6       0       0       0       0       0       0       0       0
      Temps:          1       0       0       0       0       0       0       0       0
      Totals:        11       0       0       0       0       0       0       0       0
Total ram usage:       11 bytes
 Hardware stack levels used:    1
 Hardware stack levels required when called:    3
 This function calls:
		___fldiv
		___flge
		___fltol
		___xxtofl
		_readI2C1
		_writeI2C1
 This function is called by:
		_settings
 This function uses a non-reentrant model


 *************** function _writeI2C1 *****************
 Defined at:
		line 280 in file "main.c"
 Parameters:    Size  Location     Type
  Address         1    wreg     unsigned char 
  Register        1    2[COMRAM] unsigned char 
  Data            1    3[COMRAM] unsigned char 
 Auto vars:     Size  Location     Type
  Address         1    6[COMRAM] unsigned char 
 Return value:  Size  Location     Type
                  1    wreg      void 
 Registers used:
		wreg, status,2, status,0, cstack
 Tracked objects:
		On entry : 
		On exit  : 
		Unchanged: 
 Data sizes:     COMRAM   BANK0   BANK1   BANK2   BANK3   BANK4   BANK5   BANK6   BANK7
      Params:         2       0       0       0       0       0       0       0       0
      Locals:         1       0       0       0       0       0       0       0       0
      Temps:          2       0       0       0       0       0       0       0       0
      Totals:         5       0       0       0       0       0       0       0       0
Total ram usage:        5 bytes
 Hardware stack levels used:    1
 Hardware stack levels required when called:    2
 This function calls:
		_sendI2C
		_startI2C
		_stopI2C
 This function is called by:
		_settings
		_setPWMFreq
 This function uses a non-reentrant model


 *************** function _readI2C1 *****************
 Defined at:
		line 259 in file "main.c"
 Parameters:    Size  Location     Type
  Address         1    wreg     unsigned char 
  Register        1    3[COMRAM] unsigned char 
  Data            1    4[COMRAM] unsigned char 
  bytes           2    5[COMRAM] int 
 Auto vars:     Size  Location     Type
  Address         1    9[COMRAM] unsigned char 
 Return value:  Size  Location     Type
                  1    wreg      void 
 Registers used:
		wreg, status,2, status,0, cstack
 Tracked objects:
		On entry : 
		On exit  : 
		Unchanged: 
 Data sizes:     COMRAM   BANK0   BANK1   BANK2   BANK3   BANK4   BANK5   BANK6   BANK7
      Params:         4       0       0       0       0       0       0       0       0
      Locals:         1       0       0       0       0       0       0       0       0
      Temps:          2       0       0       0       0       0       0       0       0
      Totals:         7       0       0       0       0       0       0       0       0
Total ram usage:        7 bytes
 Hardware stack levels used:    1
 Hardware stack levels required when called:    2
 This function calls:
		_receiveI2C
		_repeatedStart
		_sendI2C
		_startI2C
		_stopI2C
 This function is called by:
		_setPWMFreq
 This function uses a non-reentrant model


 *************** function _stopI2C *****************
 Defined at:
		line 166 in file "main.c"
 Parameters:    Size  Location     Type
		None
 Auto vars:     Size  Location     Type
		None
 Return value:  Size  Location     Type
                  1    wreg      void 
 Registers used:
		wreg, status,2, status,0, cstack
 Tracked objects:
		On entry : 
		On exit  : 
		Unchanged: 
 Data sizes:     COMRAM   BANK0   BANK1   BANK2   BANK3   BANK4   BANK5   BANK6   BANK7
      Params:         0       0       0       0       0       0       0       0       0
      Locals:         0       0       0       0       0       0       0       0       0
      Temps:          0       0       0       0       0       0       0       0       0
      Totals:         0       0       0       0       0       0       0       0       0
Total ram usage:        0 bytes
 Hardware stack levels used:    1
 Hardware stack levels required when called:    1
 This function calls:
		_readyI2C
 This function is called by:
		_writeI2C
		_readI2C1
		_writeI2C1
 This function uses a non-reentrant model


 *************** function _startI2C *****************
 Defined at:
		line 152 in file "main.c"
 Parameters:    Size  Location     Type
		None
 Auto vars:     Size  Location     Type
		None
 Return value:  Size  Location     Type
                  1    wreg      void 
 Registers used:
		wreg, status,2, status,0, cstack
 Tracked objects:
		On entry : 
		On exit  : 
		Unchanged: 
 Data sizes:     COMRAM   BANK0   BANK1   BANK2   BANK3   BANK4   BANK5   BANK6   BANK7
      Params:         0       0       0       0       0       0       0       0       0
      Locals:         0       0       0       0       0       0       0       0       0
      Temps:          0       0       0       0       0       0       0       0       0
      Totals:         0       0       0       0       0       0       0       0       0
Total ram usage:        0 bytes
 Hardware stack levels used:    1
 Hardware stack levels required when called:    1
 This function calls:
		_readyI2C
 This function is called by:
		_writeI2C
		_readI2C1
		_writeI2C1
 This function uses a non-reentrant model


 *************** function _sendI2C *****************
 Defined at:
		line 161 in file "main.c"
 Parameters:    Size  Location     Type
  data            1    wreg     unsigned char 
 Auto vars:     Size  Location     Type
  data            1    1[COMRAM] unsigned char 
 Return value:  Size  Location     Type
                  1    wreg      void 
 Registers used:
		wreg, status,2, status,0, cstack
 Tracked objects:
		On entry : 
		On exit  : 
		Unchanged: 
 Data sizes:     COMRAM   BANK0   BANK1   BANK2   BANK3   BANK4   BANK5   BANK6   BANK7
      Params:         0       0       0       0       0       0       0       0       0
      Locals:         1       0       0       0       0       0       0       0       0
      Temps:          0       0       0       0       0       0       0       0       0
      Totals:         1       0       0       0       0       0       0       0       0
Total ram usage:        1 bytes
 Hardware stack levels used:    1
 Hardware stack levels required when called:    1
 This function calls:
		_readyI2C
 This function is called by:
		_writeI2C
		_readI2C1
		_writeI2C1
 This function uses a non-reentrant model


 *************** function _repeatedStart *****************
 Defined at:
		line 194 in file "main.c"
 Parameters:    Size  Location     Type
		None
 Auto vars:     Size  Location     Type
		None
 Return value:  Size  Location     Type
                  1    wreg      void 
 Registers used:
		wreg, status,2, status,0, cstack
 Tracked objects:
		On entry : 
		On exit  : 
		Unchanged: 
 Data sizes:     COMRAM   BANK0   BANK1   BANK2   BANK3   BANK4   BANK5   BANK6   BANK7
      Params:         0       0       0       0       0       0       0       0       0
      Locals:         0       0       0       0       0       0       0       0       0
      Temps:          0       0       0       0       0       0       0       0       0
      Totals:         0       0       0       0       0       0       0       0       0
Total ram usage:        0 bytes
 Hardware stack levels used:    1
 Hardware stack levels required when called:    1
 This function calls:
		_readyI2C
 This function is called by:
		_readI2C1
 This function uses a non-reentrant model


 *************** function _receiveI2C *****************
 Defined at:
		line 199 in file "main.c"
 Parameters:    Size  Location     Type
  flag            1    wreg     unsigned char 
 Auto vars:     Size  Location     Type
  flag            1    1[COMRAM] unsigned char 
  buffer          1    2[COMRAM] unsigned char 
 Return value:  Size  Location     Type
                  1    wreg      unsigned char 
 Registers used:
		wreg, status,2, status,0, cstack
 Tracked objects:
		On entry : 
		On exit  : 
		Unchanged: 
 Data sizes:     COMRAM   BANK0   BANK1   BANK2   BANK3   BANK4   BANK5   BANK6   BANK7
      Params:         0       0       0       0       0       0       0       0       0
      Locals:         2       0       0       0       0       0       0       0       0
      Temps:          0       0       0       0       0       0       0       0       0
      Totals:         2       0       0       0       0       0       0       0       0
Total ram usage:        2 bytes
 Hardware stack levels used:    1
 Hardware stack levels required when called:    1
 This function calls:
		_readyI2C
 This function is called by:
		_readI2C1
 This function uses a non-reentrant model


 *************** function _readyI2C *****************
 Defined at:
		line 157 in file "main.c"
 Parameters:    Size  Location     Type
		None
 Auto vars:     Size  Location     Type
		None
 Return value:  Size  Location     Type
                  1    wreg      void 
 Registers used:
		wreg, status,2, status,0
 Tracked objects:
		On entry : 
		On exit  : 
		Unchanged: 
 Data sizes:     COMRAM   BANK0   BANK1   BANK2   BANK3   BANK4   BANK5   BANK6   BANK7
      Params:         0       0       0       0       0       0       0       0       0
      Locals:         0       0       0       0       0       0       0       0       0
      Temps:          1       0       0       0       0       0       0       0       0
      Totals:         1       0       0       0       0       0       0       0       0
Total ram usage:        1 bytes
 Hardware stack levels used:    1
 This function calls:
		Nothing
 This function is called by:
		_startI2C
		_sendI2C
		_stopI2C
		_repeatedStart
		_receiveI2C
 This function uses a non-reentrant model


 *************** function ___xxtofl *****************
 Defined at:
		line 10 in file "C:\Program Files (x86)\Microchip\xc8\v2.10\pic\sources\c99\common\xxtofl.c"
 Parameters:    Size  Location     Type
  sign            1    wreg     unsigned char 
  val             4    0[COMRAM] long 
 Auto vars:     Size  Location     Type
  sign            1    8[COMRAM] unsigned char 
  arg             4   10[COMRAM] unsigned long 
  exp             1    9[COMRAM] unsigned char 
 Return value:  Size  Location     Type
                  4    0[COMRAM] unsigned char 
 Registers used:
		wreg, status,2, status,0
 Tracked objects:
		On entry : 
		On exit  : 
		Unchanged: 
 Data sizes:     COMRAM   BANK0   BANK1   BANK2   BANK3   BANK4   BANK5   BANK6   BANK7
      Params:         4       0       0       0       0       0       0       0       0
      Locals:         6       0       0       0       0       0       0       0       0
      Temps:          4       0       0       0       0       0       0       0       0
      Totals:        14       0       0       0       0       0       0       0       0
Total ram usage:       14 bytes
 Hardware stack levels used:    1
 This function calls:
		Nothing
 This function is called by:
		_setPWMFreq
 This function uses a non-reentrant model


 *************** function ___fltol *****************
 Defined at:
		line 43 in file "C:\Program Files (x86)\Microchip\xc8\v2.10\pic\sources\c99\common\fltol.c"
 Parameters:    Size  Location     Type
  f1              4   39[COMRAM] unsigned char 
 Auto vars:     Size  Location     Type
  exp1            1   48[COMRAM] unsigned char 
  sign1           1   47[COMRAM] unsigned char 
 Return value:  Size  Location     Type
                  4   39[COMRAM] long 
 Registers used:
		wreg, status,2, status,0
 Tracked objects:
		On entry : 
		On exit  : 
		Unchanged: 
 Data sizes:     COMRAM   BANK0   BANK1   BANK2   BANK3   BANK4   BANK5   BANK6   BANK7
      Params:         4       0       0       0       0       0       0       0       0
      Locals:         2       0       0       0       0       0       0       0       0
      Temps:          4       0       0       0       0       0       0       0       0
      Totals:        10       0       0       0       0       0       0       0       0
Total ram usage:       10 bytes
 Hardware stack levels used:    1
 This function calls:
		Nothing
 This function is called by:
		_setPWMFreq
 This function uses a non-reentrant model


 *************** function ___flge *****************
 Defined at:
		line 4 in file "C:\Program Files (x86)\Microchip\xc8\v2.10\pic\sources\c99\common\flge.c"
 Parameters:    Size  Location     Type
  ff1             4    0[COMRAM] long 
  ff2             4    4[COMRAM] long 
 Auto vars:     Size  Location     Type
		None
 Return value:  Size  Location     Type
		None               void
 Registers used:
		wreg, status,2, status,0
 Tracked objects:
		On entry : 
		On exit  : 
		Unchanged: 
 Data sizes:     COMRAM   BANK0   BANK1   BANK2   BANK3   BANK4   BANK5   BANK6   BANK7
      Params:         8       0       0       0       0       0       0       0       0
      Locals:         0       0       0       0       0       0       0       0       0
      Temps:          4       0       0       0       0       0       0       0       0
      Totals:        12       0       0       0       0       0       0       0       0
Total ram usage:       12 bytes
 Hardware stack levels used:    1
 This function calls:
		Nothing
 This function is called by:
		_setPWMFreq
 This function uses a non-reentrant model


 *************** function ___fldiv *****************
 Defined at:
		line 11 in file "C:\Program Files (x86)\Microchip\xc8\v2.10\pic\sources\c99\common\sprcdiv.c"
 Parameters:    Size  Location     Type
  b               4   14[COMRAM] long 
  a               4   18[COMRAM] long 
 Auto vars:     Size  Location     Type
  grs             4   33[COMRAM] unsigned long 
  rem             4   26[COMRAM] unsigned long 
  new_exp         2   31[COMRAM] short 
  aexp            1   38[COMRAM] unsigned char 
  bexp            1   37[COMRAM] unsigned char 
  sign            1   30[COMRAM] unsigned char 
 Return value:  Size  Location     Type
                  4   14[COMRAM] unsigned char 
 Registers used:
		wreg, status,2, status,0
 Tracked objects:
		On entry : 
		On exit  : 
		Unchanged: 
 Data sizes:     COMRAM   BANK0   BANK1   BANK2   BANK3   BANK4   BANK5   BANK6   BANK7
      Params:         8       0       0       0       0       0       0       0       0
      Locals:        13       0       0       0       0       0       0       0       0
      Temps:          4       0       0       0       0       0       0       0       0
      Totals:        25       0       0       0       0       0       0       0       0
Total ram usage:       25 bytes
 Hardware stack levels used:    1
 This function calls:
		Nothing
 This function is called by:
		_setPWMFreq
 This function uses a non-reentrant model


 *************** function _map *****************
 Defined at:
		line 289 in file "main.c"
 Parameters:    Size  Location     Type
  x               2   14[COMRAM] int 
  In_Min          2   16[COMRAM] int 
  In_Max          2   18[COMRAM] int 
  Out_Min         2   20[COMRAM] int 
  Out_Max         2   22[COMRAM] int 
 Auto vars:     Size  Location     Type
		None
 Return value:  Size  Location     Type
                  2   14[COMRAM] int 
 Registers used:
		wreg, status,2, status,0, prodl, prodh, cstack
 Tracked objects:
		On entry : 
		On exit  : 
		Unchanged: 
 Data sizes:     COMRAM   BANK0   BANK1   BANK2   BANK3   BANK4   BANK5   BANK6   BANK7
      Params:        10       0       0       0       0       0       0       0       0
      Locals:         0       0       0       0       0       0       0       0       0
      Temps:          0       0       0       0       0       0       0       0       0
      Totals:        10       0       0       0       0       0       0       0       0
Total ram usage:       10 bytes
 Hardware stack levels used:    1
 Hardware stack levels required when called:    1
 This function calls:
		___awdiv
		___wmul
 This function is called by:
		_main
 This function uses a non-reentrant model


 *************** function ___wmul *****************
 Defined at:
		line 15 in file "C:\Program Files (x86)\Microchip\xc8\v2.10\pic\sources\c99\common\Umul16.c"
 Parameters:    Size  Location     Type
  multiplier      2    8[COMRAM] unsigned int 
  multiplicand    2   10[COMRAM] unsigned int 
 Auto vars:     Size  Location     Type
  product         2   12[COMRAM] unsigned int 
 Return value:  Size  Location     Type
                  2    8[COMRAM] unsigned int 
 Registers used:
		wreg, status,2, status,0, prodl, prodh
 Tracked objects:
		On entry : 
		On exit  : 
		Unchanged: 
 Data sizes:     COMRAM   BANK0   BANK1   BANK2   BANK3   BANK4   BANK5   BANK6   BANK7
      Params:         4       0       0       0       0       0       0       0       0
      Locals:         2       0       0       0       0       0       0       0       0
      Temps:          0       0       0       0       0       0       0       0       0
      Totals:         6       0       0       0       0       0       0       0       0
Total ram usage:        6 bytes
 Hardware stack levels used:    1
 This function calls:
		Nothing
 This function is called by:
		_map
 This function uses a non-reentrant model


 *************** function ___awdiv *****************
 Defined at:
		line 7 in file "C:\Program Files (x86)\Microchip\xc8\v2.10\pic\sources\c99\common\awdiv.c"
 Parameters:    Size  Location     Type
  dividend        2    0[COMRAM] int 
  divisor         2    2[COMRAM] int 
 Auto vars:     Size  Location     Type
  quotient        2    6[COMRAM] int 
  sign            1    5[COMRAM] unsigned char 
  counter         1    4[COMRAM] unsigned char 
 Return value:  Size  Location     Type
                  2    0[COMRAM] int 
 Registers used:
		wreg, status,2, status,0
 Tracked objects:
		On entry : 
		On exit  : 
		Unchanged: 
 Data sizes:     COMRAM   BANK0   BANK1   BANK2   BANK3   BANK4   BANK5   BANK6   BANK7
      Params:         4       0       0       0       0       0       0       0       0
      Locals:         4       0       0       0       0       0       0       0       0
      Temps:          0       0       0       0       0       0       0       0       0
      Totals:         8       0       0       0       0       0       0       0       0
Total ram usage:        8 bytes
 Hardware stack levels used:    1
 This function calls:
		Nothing
 This function is called by:
		_map
 This function uses a non-reentrant model



MODULE INFORMATION

Module		Function		Class		Link	Load	Size
C:\Program Files (x86)\Microchip\xc8\v2.10\pic\sources\c99\common\xxtofl.c
		___xxtofl      		CODE           	78DE	0000	437

C:\Program Files (x86)\Microchip\xc8\v2.10\pic\sources\c99\common\xxtofl.c estimated size: 437

C:\Program Files (x86)\Microchip\xc8\v2.10\pic\sources\c99\common\awdiv.c
		___awdiv       		CODE           	7470	0000	197

C:\Program Files (x86)\Microchip\xc8\v2.10\pic\sources\c99\common\awdiv.c estimated size: 197

C:\Program Files (x86)\Microchip\xc8\v2.10\pic\sources\c99\common\fltol.c
		___fltol       		CODE           	7638	0000	263

C:\Program Files (x86)\Microchip\xc8\v2.10\pic\sources\c99\common\fltol.c estimated size: 263

C:\Program Files (x86)\Microchip\xc8\v2.10\pic\sources\c99\common\sprcdiv.c
		___fldiv       		CODE           	7C66	0000	923

C:\Program Files (x86)\Microchip\xc8\v2.10\pic\sources\c99\common\sprcdiv.c estimated size: 923

C:\Program Files (x86)\Microchip\xc8\v2.10\pic\sources\c99\common\flge.c
		___flge        		CODE           	7534	0000	261

C:\Program Files (x86)\Microchip\xc8\v2.10\pic\sources\c99\common\flge.c estimated size: 261

shared
		__initialization		CODE           	71D4	0000	13

shared estimated size: 13

C:\Program Files (x86)\Microchip\xc8\v2.10\pic\sources\c99\common\Umul16.c
		___wmul        		CODE           	71E6	0000	39

C:\Program Files (x86)\Microchip\xc8\v2.10\pic\sources\c99\common\Umul16.c estimated size: 39

main.c
		_stopI2C       		CODE           	71C0	0000	9
		_readI2C1      		CODE           	73CE	0000	163
		_map           		CODE           	7298	0000	67
		_writeI2C      		CODE           	72DA	0000	111
		_writeI2C1     		CODE           	7264	0000	53
		_repeatedStart 		CODE           	71B0	0000	9
		_settings      		CODE           	7348	0000	135
		_startI2C      		CODE           	71B8	0000	9
		_main          		CODE           	773E	0000	417
		_receiveI2C    		CODE           	7232	0000	51
		_readyI2C      		CODE           	720C	0000	39
		_sendI2C       		CODE           	71C8	0000	13
		_setPWMFreq    		CODE           	7A92	0000	469

main.c estimated size: 1545

